// Jest Snapshot v1, https://goo.gl/fbAQLP

exports[`should render App 1`] = `
<LocalizeProvider>
  <Connect(WithStyles(Header))
    isLoggedIn={null}
  />
  <Router
    history={
      Object {
        "action": "POP",
        "block": [Function],
        "createHref": [Function],
        "go": [Function],
        "goBack": [Function],
        "goForward": [Function],
        "length": 1,
        "listen": [Function],
        "location": Object {
          "hash": "",
          "pathname": "/",
          "search": "",
          "state": undefined,
        },
        "push": [Function],
        "replace": [Function],
      }
    }
  >
    <Switch>
      <Route
        component={[Function]}
        exact={true}
        path="/giftCards/:id"
      />
      <Route
        component={[Function]}
        exact={true}
        path="/giftCards"
      />
      <Route
        component={[Function]}
        exact={true}
        path="/Profile"
      />
      <Route
        component={[Function]}
        exact={true}
        path="/GiftsSend"
      />
      <Route
        component={[Function]}
        exact={true}
        path="/Login"
      />
      <Route
        component={[Function]}
        exact={true}
        path="/GiftsReceived"
      />
      <Route
        component={[Function]}
        exact={true}
        path="/"
      />
      <Route
        component={[Function]}
        exact={true}
        path="/404"
      />
      <Redirect
        push={false}
        to="/404"
      />
    </Switch>
  </Router>
  <WithStyles(Footer) />
</LocalizeProvider>
`;
